
> geekoflegend@0.0.0 build
> tsc -b && vite build

src/core/combat/CombatEngine.ts(136,9): error TS6133: 'currentPhase' is declared but its value is never read.
src/features/battle/BattleHUD.tsx(7,1): error TS6192: All imports in import declaration are unused.
src/features/battle/BattleHUD.tsx(30,60): error TS6133: 'turnCount' is declared but its value is never read.
src/features/battle/BattleScene.tsx(4,44): error TS6133: 'useRef' is declared but its value is never read.
src/features/battle/BattleScene.tsx(11,23): error TS6133: 'shouldTriggerRiddle' is declared but its value is never read.
src/features/battle/BattleScene.tsx(11,44): error TS6133: 'processDotEffects' is declared but its value is never read.
src/features/battle/BattleScene.tsx(12,3): error TS6133: 'tickStatusEffects' is declared but its value is never read.
src/features/battle/BattleScene.tsx(12,22): error TS6133: 'isIncapacitated' is declared but its value is never read.
src/features/battle/BattleScene.tsx(22,22): error TS6196: 'HeroData' is declared but never used.
src/features/battle/BattleScene.tsx(29,54): error TS6133: 'defeatedBosses' is declared but its value is never read.
src/features/battle/BattleScene.tsx(31,23): error TS6133: 'healHero' is declared but its value is never read.
src/features/battle/BattleScene.tsx(34,19): error TS6133: 'isBossTurn' is declared but its value is never read.
src/features/battle/BattleScene.tsx(43,10): error TS6133: 'currentHeroIndex' is declared but its value is never read.
src/features/battle/BattleScene.tsx(250,37): error TS2322: Type '"system"' is not assignable to type '"heal" | "poison" | "miss" | "crit" | "normal"'.
src/features/battle/BattleScene.tsx(538,28): error TS6133: 'index' is declared but its value is never read.
src/features/battle/CombatLogPanel.tsx(65,34): error TS6133: 'i' is declared but its value is never read.
src/features/battle/SkillBar.tsx(7,10): error TS6133: 'Skull' is declared but its value is never read.
src/features/battle/SkillBar.tsx(7,17): error TS6133: 'ArrowUpRight' is declared but its value is never read.
src/features/battle/SpeechBubble.tsx(12,52): error TS6133: 'onComplete' is declared but its value is never read.
src/features/battle/SpeechBubble.tsx(12,64): error TS6133: 'duration' is declared but its value is never read.
src/features/battle/VFXManager.tsx(1,20): error TS6133: 'useEffect' is declared but its value is never read.
src/features/menu/MainMenu.tsx(13,21): error TS6133: 'setCurrentBoss' is declared but its value is never read.
src/features/menu/MainMenu.tsx(14,23): error TS6133: 'createHero' is declared but its value is never read.
src/features/party/PartyCreation.tsx(42,56): error TS2304: Cannot find name 'BossId'.
src/features/party/PartyCreation.tsx(65,35): error TS2304: Cannot find name 'BossId'.
src/features/party/PartyCreation.tsx(168,47): error TS2304: Cannot find name 'BossId'.
src/hooks/useGameLoop.ts(3,11): error TS6196: 'GameLoopOptions' is declared but never used.
src/hooks/useGameLoop.ts(9,67): error TS2304: Cannot find name 'GameLoop'.
src/hooks/useGameLoop.ts(10,22): error TS2554: Expected 1 arguments, but got 0.
src/hooks/useInput.ts(3,11): error TS6196: 'InputState' is declared but never used.
src/hooks/useInput.ts(24,44): error TS6133: 'debounceMs' is declared but its value is never read.
src/hooks/useInput.ts(28,9): error TS6133: 'debounceTimerRef' is declared but its value is never read.
src/hooks/useInput.ts(28,28): error TS2554: Expected 1 arguments, but got 0.
src/hooks/useInput.ts(52,38): error TS6133: 'event' is declared but its value is never read.
src/rendering/animation/SpriteAnimator.tsx(5,18): error TS6133: 'AnimatePresence' is declared but its value is never read.
src/store/gameStore.ts(5,40): error TS1261: Already included file name '/home/anwar/Projects/Geek_Of_Legends/src/types/Game.ts' differs from file name '/home/anwar/Projects/Geek_Of_Legends/src/types/game.ts' only in casing.
  The file is in the program because:
    Imported via '../types/Game' from file '/home/anwar/Projects/Geek_Of_Legends/src/store/gameStore.ts'
    Imported via '../types/Game' from file '/home/anwar/Projects/Geek_Of_Legends/src/store/heroStore.ts'
    Imported via '../../types/Game' from file '/home/anwar/Projects/Geek_Of_Legends/src/data/skills/skillData.ts'
    Imported via '../../types/Game' from file '/home/anwar/Projects/Geek_Of_Legends/src/features/party/PartyCreation.tsx'
    Imported via '../types/Game' from file '/home/anwar/Projects/Geek_Of_Legends/src/store/battleStore.ts'
    Imported via '../../types/Game' from file '/home/anwar/Projects/Geek_Of_Legends/src/core/combat/CombatEngine.ts'
    Imported via '../../types/Game' from file '/home/anwar/Projects/Geek_Of_Legends/src/features/battle/BattleHUD.tsx'
    Imported via '../../types/Game' from file '/home/anwar/Projects/Geek_Of_Legends/src/features/battle/SkillBar.tsx'
    Imported via '../../types/Game' from file '/home/anwar/Projects/Geek_Of_Legends/src/features/battle/BossHealth.tsx'
    Imported via '../../types/Game' from file '/home/anwar/Projects/Geek_Of_Legends/src/features/battle/BossIntro.tsx'
    Imported via '../../types/Game' from file '/home/anwar/Projects/Geek_Of_Legends/src/features/battle/FloatingDamage.tsx'
    Imported via '../../types/Game' from file '/home/anwar/Projects/Geek_Of_Legends/src/features/battle/BattleScene.tsx'
    Imported via '../../types/Game' from file '/home/anwar/Projects/Geek_Of_Legends/src/data/riddles/riddleData.ts'
    Imported via '../../types/Game' from file '/home/anwar/Projects/Geek_Of_Legends/src/features/rewards/RiddleScreen.tsx'
    Matched by include pattern 'src' in '/home/anwar/Projects/Geek_Of_Legends/tsconfig.app.json'
    Matched by include pattern 'src' in '/home/anwar/Projects/Geek_Of_Legends/tsconfig.app.json'
src/stores/gameStore.ts(14,14): error TS7022: 'useGameStore' implicitly has type 'any' because it does not have a type annotation and is referenced directly or indirectly in its own initializer.
src/stores/gameStore.ts(14,47): error TS7024: Function implicitly has return type 'any' because it does not have a return type annotation and is referenced directly or indirectly in one of its return expressions.
src/stores/gameStore.ts(25,11): error TS7022: 'state' implicitly has type 'any' because it does not have a type annotation and is referenced directly or indirectly in its own initializer.
